<?xml version="1.0" encoding="utf-8"?><testsuites><testsuite name="pytest" errors="0" failures="0" skipped="0" tests="4" time="137.431" timestamp="2026-02-22T10:45:29.462434" hostname="HNC-LAP-013"><testcase classname="tests.model.test_model.TestModel" name="test_model_fit" time="47.119" /><testcase classname="tests.model.test_model.TestModel" name="test_model_predict" time="1.781" /><testcase classname="tests.model.test_model.TestModel" name="test_model_preprocess_for_serving" time="1.470" /><testcase classname="tests.model.test_model.TestModel" name="test_model_preprocess_for_training" time="57.042" /></testsuite></testsuites>